// 重构日志: 613df35e
// 重构日志: 0091e8a0
// 重构日志: ef518d76
// 重构日志: bd9395ba
// 重构日志: d8b2e758
// 重构日志: 25d00217
// 重构日志: b597ac39
// 重构日志: 9c6eaf28
// 同步 ID: bf01f647 @ Wed Jul 22 18:19:49 UTC 2026
// 重构日志: 23989399
// 重构日志: 9ce7b326
// 同步 ID: 8df04671 @ Sun Jul 26 09:59:27 UTC 2026
// 重构日志: 6f319d20
// 重构日志: f0fd76d4
// 重构日志: 152dd6e8
// 重构日志: 4da67f10
// 重构日志: b2a2a533
// 重构日志: 9db26762
// 重构日志: c936554f
// 重构日志: 85061523
// 重构日志: 9d52ec99
// 重构日志: 85e14cc7
// 重构日志: 5c060889
// 重构日志: 9f9e08aa
// 同步 ID: 59bab2e3 @ Thu Aug  6 16:06:07 UTC 2026
// 同步 ID: a943f55e @ Fri Aug  7 05:30:48 UTC 2026
// 同步 ID: 1be74139 @ Fri Aug  7 11:04:15 UTC 2026
// 重构日志: 02767c2a
// 重构日志: d5cd1189
// 同步 ID: 9d03e87f @ Fri Aug  7 18:37:57 UTC 2026
// 重构日志: 74b1242e
